// 重构日志: 1b2527f2
// 重构日志: 4dde0150
// 重构日志: 26767677
// 同步 ID: e2d2fdd1 @ Fri Jul 17 22:02:32 UTC 2026
// 重构日志: 78446246
// 同步 ID: 256aca52 @ Sat Jul 18 17:57:50 UTC 2026
// 重构日志: 1a81f8d8
// 重构日志: 6c60d664
// 重构日志: 241809f1
// 重构日志: 359ec86b
// 同步 ID: c4ac329b @ Mon Jul 20 16:08:05 UTC 2026
// 同步 ID: bdf8c51e @ Mon Jul 20 17:06:52 UTC 2026
// 重构日志: 6826b0a8
// 同步 ID: 4250ffaf @ Tue Jul 21 17:58:39 UTC 2026
// 重构日志: ba350f29
// 同步 ID: b533c591 @ Wed Jul 22 13:29:44 UTC 2026
// 重构日志: 5f43eca2
// 同步 ID: 8fa5d71c @ Thu Jul 23 17:23:45 UTC 2026
// 同步 ID: 91ab5a59 @ Fri Jul 24 05:01:17 UTC 2026
// 同步 ID: 590210b8 @ Fri Jul 24 08:06:05 UTC 2026
// 同步 ID: cb002301 @ Sat Jul 25 04:43:54 UTC 2026
// 重构日志: c1defcfb
// 同步 ID: 1497db7a @ Sat Jul 25 13:32:19 UTC 2026
// 重构日志: 03c48210
// 同步 ID: 35c823fd @ Sun Jul 26 10:25:45 UTC 2026
// 重构日志: eb746ae9
// 重构日志: 1fa5e8e8
// 重构日志: 0205de26
// 同步 ID: b4f26251 @ Mon Jul 27 16:37:01 UTC 2026
// 同步 ID: 191b8e63 @ Wed Jul 29 11:31:55 UTC 2026
